2026-03-20 10:13:34 [INFO] now is fold 0
2026-03-20 10:39:33 [INFO] the best hyper-parameters settings for DNN are: {'best_lr': 0.0020572338688871995, 'best_dropout': 0.32742119854992086, 'best_hidden_unit1': 512, 'best_hidden_unit2': 512, 'best_hidden_unit3': 256}
2026-03-20 10:40:10 [INFO] {'se': [0.05263157894736842], 'sp': [0.9798387096774194], 'precision': ([0.16666666666666666], 243, 5, 18, 1), 'acc': [0.9138576779026217], 'mcc': [0.056323924941472196], 'auc_roc': [0.9651528013582343]}
2026-03-20 10:40:10 [INFO] {'se': [0.08333333333333333], 'sp': [0.9925925925925926], 'precision': ([0.5], 134, 1, 11, 1), 'acc': [0.9183673469387755], 'mcc': [0.17945212490828558], 'auc_roc': [0.9166543209876543]}
2026-03-20 10:40:10 [INFO] now is fold 1
2026-03-20 11:04:47 [INFO] the best hyper-parameters settings for DNN are: {'best_lr': 0.012905693957543103, 'best_dropout': 0.419289741845525, 'best_hidden_unit1': 256, 'best_hidden_unit2': 128, 'best_hidden_unit3': 256}
2026-03-20 11:05:04 [INFO] {'se': [0.0], 'sp': [0.9959183673469387], 'precision': ([0.0], 244, 1, 21, 0), 'acc': [0.9172932330827067], 'mcc': [-0.017984719479905355], 'auc_roc': [0.982798833819242]}
2026-03-20 11:05:04 [INFO] {'se': [0.0], 'sp': [1.0], 'precision': ([nan], 135, 0, 12, 0), 'acc': [0.9183673469387755], 'mcc': [0.0], 'auc_roc': [0.9125925925925926]}
2026-03-20 11:05:04 [INFO] now is fold 2
2026-03-20 11:27:20 [INFO] the best hyper-parameters settings for DNN are: {'best_lr': 0.014889626569901865, 'best_dropout': 0.49629623014539076, 'best_hidden_unit1': 256, 'best_hidden_unit2': 64, 'best_hidden_unit3': 64}
2026-03-20 11:27:45 [INFO] {'se': [0.0], 'sp': [1.0], 'precision': ([nan], 245, 0, 21, 0), 'acc': [0.9210526315789473], 'mcc': [0.0], 'auc_roc': [0.8551020408163265]}
2026-03-20 11:27:45 [INFO] {'se': [0.0], 'sp': [1.0], 'precision': ([nan], 135, 0, 12, 0), 'acc': [0.9183673469387755], 'mcc': [0.0], 'auc_roc': [0.8518518518518518]}
2026-03-20 11:27:45 [INFO] now is fold 3
2026-03-20 11:54:06 [INFO] the best hyper-parameters settings for DNN are: {'best_lr': 0.00536674830629259, 'best_dropout': 0.06754868974937184, 'best_hidden_unit1': 256, 'best_hidden_unit2': 512, 'best_hidden_unit3': 256}
2026-03-20 11:54:38 [INFO] {'se': [0.05555555555555555], 'sp': [0.9516129032258065], 'precision': ([0.07692307692307693], 236, 12, 17, 1), 'acc': [0.8909774436090225], 'mcc': [0.008351335837922552], 'auc_roc': [0.8683243727598566]}
2026-03-20 11:54:38 [INFO] {'se': [0.16666666666666666], 'sp': [0.9555555555555556], 'precision': ([0.25], 129, 6, 10, 2), 'acc': [0.891156462585034], 'mcc': [0.1475214897161001], 'auc_roc': [0.8287037037037037]}
2026-03-20 11:54:38 [INFO] now is fold 4
2026-03-20 12:22:11 [INFO] the best hyper-parameters settings for DNN are: {'best_lr': 0.005944787368497139, 'best_dropout': 0.3465870787918456, 'best_hidden_unit1': 512, 'best_hidden_unit2': 256, 'best_hidden_unit3': 512}
2026-03-20 12:23:02 [INFO] {'se': [0.0], 'sp': [0.9877551020408163], 'precision': ([0.0], 242, 3, 21, 0), 'acc': [0.9097744360902256], 'mcc': [-0.031268666342518646], 'auc_roc': [0.9031098153547133]}
2026-03-20 12:23:03 [INFO] {'se': [0.0], 'sp': [1.0], 'precision': ([nan], 135, 0, 12, 0), 'acc': [0.9183673469387755], 'mcc': [0.0], 'auc_roc': [0.8509259259259259]}
