2026-03-17 13:34:14 [INFO] now is fold 0
2026-03-17 13:51:59 [INFO] the best hyper-parameters settings for DNN are: {'best_lr': 0.04881177514768606, 'best_dropout': 0.16060781815772318, 'best_hidden_unit1': 512, 'best_hidden_unit2': 64, 'best_hidden_unit3': 128}
2026-03-17 13:52:20 [INFO] {'se': [0.06779661016949153], 'sp': [0.9848484848484849], 'precision': ([0.5714285714285714], 195, 3, 55, 4), 'acc': [0.77431906614786], 'mcc': [0.13601834631728482], 'auc_roc': [0.6394453004622497]}
2026-03-17 13:52:20 [INFO] {'se': [0.09090909090909091], 'sp': [0.990909090909091], 'precision': ([0.75], 109, 1, 30, 3), 'acc': [0.7832167832167832], 'mcc': [0.2090574944153469], 'auc_roc': [0.6039889807162535]}
2026-03-17 13:52:20 [INFO] now is fold 1
2026-03-17 14:07:01 [INFO] the best hyper-parameters settings for DNN are: {'best_lr': 0.0003770263472705289, 'best_dropout': 0.10007218913220967, 'best_hidden_unit1': 64, 'best_hidden_unit2': 256, 'best_hidden_unit3': 256}
2026-03-17 14:07:21 [INFO] {'se': [0.056338028169014086], 'sp': [0.9838709677419355], 'precision': ([0.5714285714285714], 183, 3, 67, 4), 'acc': [0.7276264591439688], 'mcc': [0.11045613694058239], 'auc_roc': [0.6741632591246403]}
2026-03-17 14:07:21 [INFO] {'se': [0.0], 'sp': [0.990909090909091], 'precision': ([0.0], 109, 1, 33, 0), 'acc': [0.7622377622377622], 'mcc': [-0.045963855977691724], 'auc_roc': [0.5848484848484849]}
2026-03-17 14:07:21 [INFO] now is fold 2
2026-03-17 14:21:45 [INFO] the best hyper-parameters settings for DNN are: {'best_lr': 0.05012651853557236, 'best_dropout': 0.23708073851889505, 'best_hidden_unit1': 256, 'best_hidden_unit2': 512, 'best_hidden_unit3': 64}
2026-03-17 14:22:06 [INFO] {'se': [0.0], 'sp': [1.0], 'precision': ([nan], 206, 0, 51, 0), 'acc': [0.8015564202334631], 'mcc': [0.0], 'auc_roc': [0.5]}
2026-03-17 14:22:06 [INFO] {'se': [0.0], 'sp': [1.0], 'precision': ([nan], 110, 0, 33, 0), 'acc': [0.7692307692307693], 'mcc': [0.0], 'auc_roc': [0.5]}
2026-03-17 14:22:06 [INFO] now is fold 3
2026-03-17 14:36:28 [INFO] the best hyper-parameters settings for DNN are: {'best_lr': 0.00914231897749395, 'best_dropout': 0.1817501932264491, 'best_hidden_unit1': 64, 'best_hidden_unit2': 128, 'best_hidden_unit3': 256}
2026-03-17 14:36:38 [INFO] {'se': [0.07692307692307693], 'sp': [0.9174311926605505], 'precision': ([0.14285714285714285], 200, 18, 36, 3), 'acc': [0.7898832684824902], 'mcc': [-0.0073946059893185015], 'auc_roc': [0.690096447894613]}
2026-03-17 14:36:38 [INFO] {'se': [0.09090909090909091], 'sp': [0.9454545454545454], 'precision': ([0.3333333333333333], 104, 6, 30, 3), 'acc': [0.7482517482517482], 'mcc': [0.0630880297876511], 'auc_roc': [0.6031680440771349]}
2026-03-17 14:36:38 [INFO] now is fold 4
2026-03-17 14:45:13 [INFO] the best hyper-parameters settings for DNN are: {'best_lr': 0.08989369786234223, 'best_dropout': 0.10274113302851784, 'best_hidden_unit1': 64, 'best_hidden_unit2': 512, 'best_hidden_unit3': 512}
2026-03-17 14:45:21 [INFO] {'se': [0.0410958904109589], 'sp': [0.9890710382513661], 'precision': ([0.6], 181, 2, 70, 3), 'acc': [0.71875], 'mcc': [0.0984229115736931], 'auc_roc': [0.6082341492626693]}
2026-03-17 14:45:21 [INFO] {'se': [0.030303030303030304], 'sp': [1.0], 'precision': ([1.0], 110, 0, 32, 1), 'acc': [0.7762237762237763], 'mcc': [0.1532128532589724], 'auc_roc': [0.57479338842975205]}
