2026-03-19 20:53:40 [INFO] now is fold 0
2026-03-19 21:10:29 [INFO] the best hyper-parameters settings for DNN are: {'best_lr': 0.00011486780834421215, 'best_dropout': 0.43448337287486044, 'best_hidden_unit1': 256, 'best_hidden_unit2': 128, 'best_hidden_unit3': 64}
2026-03-19 21:11:08 [INFO] {'se': [0.0], 'sp': [1.0], 'precision': ([nan], 198, 0, 59, 0), 'acc': [0.7704280155642024], 'mcc': [0.0], 'auc_roc': [0.658919705529875]}
2026-03-19 21:11:08 [INFO] {'se': [0.0], 'sp': [1.0], 'precision': ([nan], 110, 0, 33, 0), 'acc': [0.7692307692307693], 'mcc': [0.0], 'auc_roc': [0.6564462809917355]}
2026-03-19 21:11:08 [INFO] now is fold 1
2026-03-19 21:33:39 [INFO] the best hyper-parameters settings for DNN are: {'best_lr': 0.0007288217750611346, 'best_dropout': 0.18043054336791908, 'best_hidden_unit1': 64, 'best_hidden_unit2': 256, 'best_hidden_unit3': 64}
2026-03-19 21:34:14 [INFO] {'se': [0.38028169014084506], 'sp': [0.7956989247311828], 'precision': ([0.4153846153846154], 148, 38, 44, 27), 'acc': [0.6809338521400778], 'mcc': [0.18102692925526956], 'auc_roc': [0.6223686203240951]}
2026-03-19 21:34:14 [INFO] {'se': [0.2727272727272727], 'sp': [0.8454545454545455], 'precision': ([0.34615384615384615], 93, 17, 24, 9), 'acc': [0.7132867132867133], 'mcc': [0.12909944487358052], 'auc_roc': [0.6585399449035813]}
2026-03-19 21:34:14 [INFO] now is fold 2
2026-03-19 21:56:54 [INFO] the best hyper-parameters settings for DNN are: {'best_lr': 0.0004310762272162873, 'best_dropout': 0.3091132689664058, 'best_hidden_unit1': 256, 'best_hidden_unit2': 512, 'best_hidden_unit3': 64}
2026-03-19 21:57:35 [INFO] {'se': [0.19607843137254902], 'sp': [0.8980582524271845], 'precision': ([0.3225806451612903], 185, 21, 41, 10), 'acc': [0.7587548638132295], 'mcc': [0.11527696313571913], 'auc_roc': [0.6734247096897011]}
2026-03-19 21:57:36 [INFO] {'se': [0.15151515151515152], 'sp': [0.9090909090909091], 'precision': ([0.3333333333333333], 100, 10, 28, 5), 'acc': [0.7342657342657343], 'mcc': [0.08333333333333327], 'auc_roc': [0.6653953168044077]}
2026-03-19 21:57:36 [INFO] now is fold 3
2026-03-19 22:22:10 [INFO] the best hyper-parameters settings for DNN are: {'best_lr': 0.01160423119676459, 'best_dropout': 0.17839755778690342, 'best_hidden_unit1': 256, 'best_hidden_unit2': 64, 'best_hidden_unit3': 128}
2026-03-19 22:22:40 [INFO] {'se': [0.1282051282051282], 'sp': [0.8440366972477065], 'precision': ([0.1282051282051282], 184, 34, 34, 5), 'acc': [0.7354085603112841], 'mcc': [-0.027758174547165372], 'auc_roc': [0.5804516584333097]}
2026-03-19 22:22:40 [INFO] {'se': [0.2727272727272727], 'sp': [0.8363636363636363], 'precision': ([0.3333333333333333], 92, 18, 24, 9), 'acc': [0.7062937062937062], 'mcc': [0.11744404390294065], 'auc_roc': [0.6476584022038568]}
2026-03-19 22:22:40 [INFO] now is fold 4
2026-03-19 22:44:53 [INFO] the best hyper-parameters settings for DNN are: {'best_lr': 0.011245951004463581, 'best_dropout': 0.3082599557055665, 'best_hidden_unit1': 64, 'best_hidden_unit2': 256, 'best_hidden_unit3': 64}
2026-03-19 22:45:16 [INFO] {'se': [0.0684931506849315], 'sp': [0.9672131147540983], 'precision': ([0.45454545454545453], 177, 6, 68, 5), 'acc': [0.7109375], 'mcc': [0.07949723420683899], 'auc_roc': [0.5948050003742795]}
2026-03-19 22:45:16 [INFO] {'se': [0.12121212121212122], 'sp': [0.9818181818181818], 'precision': ([0.6666666666666666], 108, 2, 29, 4), 'acc': [0.7832167832167832], 'mcc': [0.21651220397191284], 'auc_roc': [0.6353911845730028]}
